Connecté : Polymaket#6552 · surveillance toutes les 20 min
Lien d'invitation : https://discord.com/oauth2/authorize?client_id=1537586531110232174&permissions=18432&scope=bot%20applications.commands
Serveurs : aucun — utilise le lien ci-dessus
watcher: état initial enregistré (309 marchés), aucune alerte envoyée.
Connecté : Polymaket#6552 · surveillance toutes les 20 min
Lien d'invitation : https://discord.com/oauth2/authorize?client_id=1537586531110232174&permissions=18432&scope=bot%20applications.commands
Serveurs : ['Polymarket Overlap']
watcher: état initial enregistré (332 marchés), aucune alerte envoyée.

===== redémarrage 20:06:22 =====
Connecté : Polymaket#6552 · surveillance toutes les 20 min
Lien d'invitation : https://discord.com/oauth2/authorize?client_id=1537586531110232174&permissions=18432&scope=bot%20applications.commands
Serveurs : ['Polymarket Overlap']

===== v2 (correctif classement) 20:13:01 =====
Connecté : Polymaket#6552 · surveillance toutes les 20 min
Lien d'invitation : https://discord.com/oauth2/authorize?client_id=1537586531110232174&permissions=18432&scope=bot%20applications.commands
Serveurs : ['Polymarket Overlap']
watcher 20:13:15: 334 marchés · 40 wallets (40 changements de classement ignorés) → 0 entrée(s) ACHETER, 0 sortie(s)

===== v3 (embed site + palmares corrige) 20:22:37 =====
Connecté : Polymaket#6552 · surveillance toutes les 20 min
Lien d'invitation : https://discord.com/oauth2/authorize?client_id=1537586531110232174&permissions=18432&scope=bot%20applications.commands
Serveurs : ['Polymarket Overlap']
watcher 20:22:53: 342 marchés · 50 wallets (10 changements de classement ignorés) → 2 entrée(s) ACHETER, 3 sortie(s)

===== v4 (tableau vivant + guide) 20:29:24 =====
Connecté : Polymaket#6552 · surveillance toutes les 20 min
Lien d'invitation : https://discord.com/oauth2/authorize?client_id=1537586531110232174&permissions=18432&scope=bot%20applications.commands
Serveurs : ['Polymarket Overlap']
watcher 20:29:40: 344 marchés · 50 wallets (0 changements de classement ignorés) → 3 entrée(s) ACHETER, 0 sortie(s)
